(APIServer pid=13155) INFO:     127.0.0.1:39524 - "GET /metrics HTTP/1.1" 200 OK

                             Output tokens per second
  800 +---------------------------------------------------------------------+
      |      *                              *                               |
  700 |      *  **  *  * *      ****  *    **        **     **  **          |
      |      *  **  ** * *      ****  *    **   *    **     **  **          |
      |     ** ********* * *   *****  * *  *** **    ***   ***  ***         |
  600 |     ** *********** **  ******** ********** * ***   ***  * *         |
      |    *** *********** **  ******** ********** * ***   ***  * *         |
  500 |    ****************** ******************** *****   *** **  *        |
      |    ****************** **************************   * * **   *       |
  400 |    ****************** *** ****** * *************  ** ****   *       |
      |    ****************** *** ****** * ************** ** ****    *      |
      |    ************** *** *** ******   **** ********* ** ****    *      |
  300 |    ** * ********* ******* ******   **** ************  ***    **     |
      |    ** * ****  *** ******* *****    **** ** *********  * *     *     |
  200 |    ** *  **   *** ******* *****    * ** ** *** ****   * *     **    |
      |   *** *  *    **  **** ** ****     * ** ** * * * **   * *      *    |
      |   **  *  *    **  ****  * * **     *    *    * * *    * *      **   |
  100 |   **     *    **  * **  * * **               * * *      *        *  |
      |*****     *     *     *    * **               *   *      *        *  |
    0 +---------------------------------------------------------------------+
      0           50        100         150         200        250         300

                         Concurrent requests per second
  80 +----------------------------------------------------------------------+
     |                                                                      |
  70 |                              **         *  *      *    *             |
     |   *******************************************************            |
     |******************************* ***************************           |
  60 |                                                          **          |
     |                                                           *          |
  50 |                                                            *         |
     |                                                            *         |
  40 |                                                            *         |
     |                                                             *        |
     |                                                             *        |
  30 |                                                             **       |
     |                                                              *       |
  20 |                                                              **      |
     |                                                               **     |
     |                                                                **    |
  10 |                                                                 *    |
     |                                                                 ***  |
   0 +----------------------------------------------------------------------+
     0           50         100         150        200         250         300
============ Serving Benchmark Result ============
Successful requests:                     500
Failed requests:                         0
Maximum request concurrency:             64
Benchmark duration (s):                  287.40
Total input tokens:                      107437
Total generated tokens:                  109635
Request throughput (req/s):              1.74
Output token throughput (tok/s):         381.48
Peak output token throughput (tok/s):    768.00
Peak concurrent requests:                70.00
Total token throughput (tok/s):          755.30
---------------Time to First Token----------------
Mean TTFT (ms):                          1941.69
Median TTFT (ms):                        831.12
P99 TTFT (ms):                           16712.51
-----Time per Output Token (excl. 1st token)------
Mean TPOT (ms):                          175.64
Median TPOT (ms):                        147.82
P99 TPOT (ms):                           827.87
---------------Inter-token Latency----------------
Mean ITL (ms):                           145.49
Median ITL (ms):                         85.64
P99 ITL (ms):                            968.68
==================================================
