
(APIServer pid=13155) INFO:     127.0.0.1:41642 - "GET /metrics HTTP/1.1" 200 OK

                             Output tokens per second
  120 +---------------------------------------------------------------------+
      |                                                                     |
      |               * *        * **              *         *              |
  100 |************************************************************         |
      |************************************************************         |
      |************************************************************         |
   80 |************ ***********************************************         |
      |************ ***************************** *****************         |
      |************ ***************************** *****************         |
   60 |************ ***************************** *****************         |
      |*********  * **** ********** * ** * *****  *****************         |
      |*********  * **** ********** * ** * *****  ***** ****** ****         |
      |*** *****  * *  * **  **** * * *  *  ***   *** * ****** ** *         |
   40 |  * ****   * *    *   **** * * *  *  ***    ** * *****  ** *         |
      |  * ****   * *    *   **     * *  *  * *       *  ***   ** *         |
      |  * ****     *         *     * *  *  *         *  **    *  *         |
   20 |  * ****               *       *                   *       *         |
      |                                                   *       *         |
      |                                                           *         |
    0 +---------------------------------------------------------------------+
      0        200       400       600       800       1000      1200      1400

                         Concurrent requests per second
  7 +-----------------------------------------------------------------------+
    |       *             *                                *                |
    |       *             *                                *                |
  6 |****** * ****  * ** ****** *  *  **   *****  * *** * **** **           |
    |****** * ****  * ** ****** *  ** **   *****  * *** * **** **           |
  5 |*************************************************************          |
    |*************************************************************          |
    |*************************************************************          |
  4 |*************************************************************          |
    |                                                            *          |
    |                                                            *          |
  3 |                                                            **         |
    |                                                             *         |
    |                                                             *         |
  2 |                                                             *         |
    |                                                             *         |
  1 |                                                             *         |
    |                                                             *         |
    |                                                             *         |
  0 +-----------------------------------------------------------------------+
    0        200        400       600       800       1000       1200      1400
============ Serving Benchmark Result ============
Successful requests:                     500
Failed requests:                         0
Maximum request concurrency:             4
Benchmark duration (s):                  1207.34
Total input tokens:                      107437
Total generated tokens:                  109888
Request throughput (req/s):              0.41
Output token throughput (tok/s):         91.02
Peak output token throughput (tok/s):    105.00
Peak concurrent requests:                7.00
Total token throughput (tok/s):          180.00
---------------Time to First Token----------------
Mean TTFT (ms):                          381.57
Median TTFT (ms):                        243.17
P99 TTFT (ms):                           988.83
-----Time per Output Token (excl. 1st token)------
Mean TPOT (ms):                          41.93
Median TPOT (ms):                        40.27
P99 TPOT (ms):                           63.51
---------------Inter-token Latency----------------
Mean ITL (ms):                           41.91
Median ITL (ms):                         39.19
P99 ITL (ms):                            51.91
==================================================
