(APIServer pid=3157) INFO:     127.0.0.1:37892 - "GET /metrics HTTP/1.1" 200 OK

                             Output tokens per second
  800 +---------------------------------------------------------------------+
      |           ***                       *                               |
  700 |      *  * ****    *    *  *    *  ****   *           **  **         |
      |      *  * ****    * *  *  *    *  ****   **          **  **         |
      |      *  ****** **** *  * ***   * ***** * **   ***    ** ****        |
  600 |      *  ****** ******  * ***  ******** *****  ****   ** ** *        |
      |      * ******* ******  ****** ******** *****  ****  *** **  *       |
  500 |     *****************  ****** ******** ***********  *** **  **      |
      |    ******************  ****** ******** ***********  * * **  **      |
  400 |    ********** ************************************ ** ****   *      |
      |    ********** *************************************** ****    *     |
      |    ********** ******************** ****************** ****    **    |
  300 |   *********** * *********  ******* *****************  ****    **    |
      |   *** ******* * *********  *******  ******* ********  ****     *    |
  200 |   *** *  ** * * *********   **  **  **** ** ********  ****      *   |
      |   *** *  **   * **** ** *   **      * ** ** *  *****  ** *      **  |
      |   **  *  **   * **** ** *   **        **  *    *****   * *      **  |
  100 |   **  *         *  * ** *    *         *        * *    * *        * |
      |****             *  * **      *                  * *    *          * |
    0 +---------------------------------------------------------------------+
      0           50        100         150         200        250         300

                         Concurrent requests per second
  70 +----------------------------------------------------------------------+
     |  **********************************************************          |
     |***** * **  **   *********** **   **    * * *** ******  ****          |
  60 |                                                            *         |
     |                                                            *         |
  50 |                                                             *        |
     |                                                             *        |
     |                                                             *        |
  40 |                                                             *        |
     |                                                              *       |
     |                                                              *       |
  30 |                                                               *      |
     |                                                               *      |
     |                                                                *     |
  20 |                                                                **    |
     |                                                                 *    |
  10 |                                                                 **   |
     |                                                                  **  |
     |                                                                   ** |
   0 +----------------------------------------------------------------------+
     0           50         100         150        200         250         300
============ Serving Benchmark Result ============
Successful requests:                     500
Failed requests:                         0
Maximum request concurrency:             64
Benchmark duration (s):                  292.25
Total input tokens:                      107437
Total generated tokens:                  109821
Request throughput (req/s):              1.71
Output token throughput (tok/s):         375.77
Peak output token throughput (tok/s):    764.00
Peak concurrent requests:                71.00
Total token throughput (tok/s):          743.39
---------------Time to First Token----------------
Mean TTFT (ms):                          2027.66
Median TTFT (ms):                        878.92
P99 TTFT (ms):                           17297.07
-----Time per Output Token (excl. 1st token)------
Mean TPOT (ms):                          177.59
Median TPOT (ms):                        150.34
P99 TPOT (ms):                           891.42
---------------Inter-token Latency----------------
Mean ITL (ms):                           147.73
Median ITL (ms):                         87.13
P99 ITL (ms):                            1057.17
==================================================
