(APIServer pid=13155) INFO:     127.0.0.1:58766 - "GET /metrics HTTP/1.1" 200 OK

                             Output tokens per second
  400 +---------------------------------------------------------------------+
      |                                                                     |
  350 |  *       *   *  *       **      ***  **   * *  * *      **          |
      | *****  *************  **** ******************* *** **** ***         |
      |********************** **************************** ********         |
  300 |********************** **************************** ********         |
      |*********************** *************************** ********         |
  250 |*********************** *************************** ********         |
      |*********************** *************************** *********        |
  200 |* ********* *********** ****************** ******** *********        |
      |* ********* *** ******* *********  ******* ******************        |
      |* ******* * *** ******* *********  *** **   ** ******** *****        |
  150 |* ******* * *** **** ** ***** **   *** **   ** ******** *** **       |
      |* ***** * * *** ***  **  **** **    ** **   ** ******** **   *       |
  100 |*   *** * * ***  *   **  * ** **    ** **   ** ******** *    *       |
      |*   * *   * ***  *    *  * **  *    *   *    * ****** * *    *       |
      |*   *     *   *          *     *        *       ****         **      |
   50 |    *         *                *                *  *         **      |
      |              *                *                              *      |
    0 +---------------------------------------------------------------------+
      0      50    100    150    200    250    300    350    400    450    500

                         Concurrent requests per second
  20 +----------------------------------------------------------------------+
     |  *     **   **  *    *  * *   ** **   *   * ***** *** ***            |
     |**** ****** ******************************** ***** ******* **         |
     |*************************************************************         |
     |****************** *******  ************* ********* *********         |
  15 |                                                            *         |
     |                                                            *         |
     |                                                            *         |
     |                                                            *         |
  10 |                                                            **        |
     |                                                             *        |
     |                                                             *        |
     |                                                             *        |
     |                                                             **       |
   5 |                                                              *       |
     |                                                              *       |
     |                                                              *       |
     |                                                              **      |
     |                                                               *      |
   0 +----------------------------------------------------------------------+
     0      50    100    150    200     250    300    350    400    450    500
============ Serving Benchmark Result ============
Successful requests:                     500
Failed requests:                         0
Maximum request concurrency:             16
Benchmark duration (s):                  454.13
Total input tokens:                      107437
Total generated tokens:                  109781
Request throughput (req/s):              1.10
Output token throughput (tok/s):         241.74
Peak output token throughput (tok/s):    353.00
Peak concurrent requests:                20.00
Total token throughput (tok/s):          478.32
---------------Time to First Token----------------
Mean TTFT (ms):                          531.38
Median TTFT (ms):                        351.02
P99 TTFT (ms):                           2354.55
-----Time per Output Token (excl. 1st token)------
Mean TPOT (ms):                          62.14
Median TPOT (ms):                        60.11
P99 TPOT (ms):                           111.02
---------------Inter-token Latency----------------
Mean ITL (ms):                           61.44
Median ITL (ms):                         47.07
P99 ITL (ms):                            566.03
==================================================
