(APIServer pid=3157) INFO:     127.0.0.1:55736 - "GET /metrics HTTP/1.1" 200 OK

                             Output tokens per second
  400 +---------------------------------------------------------------------+
      |                                                                     |
  350 |  *           *   *      * *     ****  *    * *         * **         |
      | ****  * **** *** **** *** * ************* ******** *********        |
      |****** ****** ************************************* *********        |
  300 |*************************************************** *********        |
      |*************************************************** *********        |
  250 |*************************************************** *********        |
      |*************************************************************        |
  200 |* ********** ***************************** ************ *****        |
      |* ******* ** ******************* ********* ************ ** **        |
      |* ******* *  **** ************** ********* ************ ** ***       |
  150 |* ** **** *  **** ** *** ******* *** * ***  * **** ***   * ***       |
      |* ** ***  *  ** *  * ***  ******   * * ***  * ***  ***   * ***       |
  100 |* ** ***  *  **    * ***  ******   * * ***  * ***  ***   * ** *      |
      |* **   *  *  **    * ***  **** *     * ***  *       **   * ** *      |
      |*  *         *        *   ***  *     * **   *       *      *  **     |
   50 |   *                        *  *     *              *         **     |
      |                            *                       *          *     |
    0 +---------------------------------------------------------------------+
      0      50    100    150    200    250    300    350    400    450    500

                         Concurrent requests per second
  20 +----------------------------------------------------------------------+
     |* *   * **    ** *    *  ** *       *   * * ******  ***** * *         |
     |**** ****** ********* ***************************************         |
     |*************************************************************         |
     |******* ********  ********* **********************************        |
  15 |                                                             *        |
     |                                                             *        |
     |                                                             *        |
     |                                                             *        |
  10 |                                                             *        |
     |                                                             *        |
     |                                                             *        |
     |                                                              *       |
     |                                                              *       |
   5 |                                                              *       |
     |                                                               *      |
     |                                                               *      |
     |                                                               **     |
     |                                                                *     |
   0 +----------------------------------------------------------------------+
     0      50    100    150    200     250    300    350    400    450    500
============ Serving Benchmark Result ============
Successful requests:                     500
Failed requests:                         0
Maximum request concurrency:             16
Benchmark duration (s):                  458.48
Total input tokens:                      107437
Total generated tokens:                  109888
Request throughput (req/s):              1.09
Output token throughput (tok/s):         239.68
Peak output token throughput (tok/s):    352.00
Peak concurrent requests:                20.00
Total token throughput (tok/s):          474.01
---------------Time to First Token----------------
Mean TTFT (ms):                          545.25
Median TTFT (ms):                        360.00
P99 TTFT (ms):                           2386.34
-----Time per Output Token (excl. 1st token)------
Mean TPOT (ms):                          62.48
Median TPOT (ms):                        60.57
P99 TPOT (ms):                           115.51
---------------Inter-token Latency----------------
Mean ITL (ms):                           61.96
Median ITL (ms):                         47.36
P99 ITL (ms):                            576.29
==================================================
