(APIServer pid=3379) INFO:     127.0.0.1:56486 - "GET /metrics HTTP/1.1" 200 OK

                             Output tokens per second
  900 +---------------------------------------------------------------------+
      |    *  ** *** *  * *    *   * *** **   **        **   *              |
  800 |    * ******* * ** * ****   * ******   **    *   **   **             |
      |    *********** ** * **** * ************* *  *   **  * **            |
  700 |    *********** **** **** *********** *** ****   ** **  *            |
      |   * ******* *** *** **  ************ *** ****   * ***  *            |
  600 |   * ******* *** *** **  ************ ******** *** ***  **           |
      |   * **** *  * * *** **  ******** *** ***********  ***   *           |
  500 |   * **** *  * * *** **  **** *    ** ****** ****  ***   **          |
      |   * *  *        **** *  ***       **  *  *  ****  **     **         |
      |  *  *  *        **** *  ***       **  *  *  * **  **      *         |
  400 |  *  *  *        **** *    *       **        * **   *       **       |
      |  *     *          **                        * *    *       **       |
  300 |  *                **                        * *    *        **      |
      | *                 **                        * *    *         *      |
  200 | *                                           * *               *     |
      | *                                             *               **    |
  100 | *                                                               *   |
      |**                                                                *  |
    0 +---------------------------------------------------------------------+
      0      20     40     60     80    100    120    140    160    180    200

                         Concurrent requests per second
  80 +----------------------------------------------------------------------+
     |                                                                      |
  70 |  *                **       * *        *  *     **  *                 |
     | ******************************************************               |
     |**  ** * * *  * **   *****  * ******        * *** *  **               |
  60 |                                                       *              |
     |                                                        *             |
  50 |                                                        **            |
     |                                                         *            |
  40 |                                                         *            |
     |                                                         **           |
     |                                                          *           |
  30 |                                                           *          |
     |                                                            *         |
  20 |                                                            **        |
     |                                                             **       |
     |                                                              **      |
  10 |                                                                *     |
     |                                                                ***   |
   0 +----------------------------------------------------------------------+
     0      20     40     60     80     100    120    140    160    180    200
============ Serving Benchmark Result ============
Successful requests:                     500
Failed requests:                         0
Maximum request concurrency:             64
Benchmark duration (s):                  189.57
Total input tokens:                      107437
Total generated tokens:                  109761
Request throughput (req/s):              2.64
Output token throughput (tok/s):         579.01
Peak output token throughput (tok/s):    910.00
Peak concurrent requests:                72.00
Total token throughput (tok/s):          1145.76
---------------Time to First Token----------------
Mean TTFT (ms):                          879.10
Median TTFT (ms):                        395.11
P99 TTFT (ms):                           6865.28
-----Time per Output Token (excl. 1st token)------
Mean TPOT (ms):                          109.01
Median TPOT (ms):                        96.58
P99 TPOT (ms):                           403.00
---------------Inter-token Latency----------------
Mean ITL (ms):                           94.58
Median ITL (ms):                         71.01
P99 ITL (ms):                            442.75
==================================================
