
(APIServer pid=3379) INFO:     127.0.0.1:41766 - "GET /metrics HTTP/1.1" 200 OK

                             Output tokens per second
  140 +---------------------------------------------------------------------+
      |          *                 *                                        |
      |*****************************************************************    |
  120 |*****************************************************************    |
      |************* ******************************** ******************    |
  100 |************* **************************** *** ******************    |
      |*********** * ***** ****************** *** **  ******************    |
      | ******* *  * * ***  ******* *****   * * * **  ***********   ****    |
   80 | * *** * *  * * *     ****** * ***   *     **  **   *****    ****    |
      |    ** *      *       * **   * * *          *  *    *  **    ** *    |
      |    **                *      * *                    *   *     * *    |
   60 |     *                       *                          *       *    |
      |                             *                          *       *    |
      |                                                                *    |
   40 |                                                                *    |
      |                                                                *    |
   20 |                                                                 *   |
      |                                                                 *   |
      |                                                                 *   |
    0 +---------------------------------------------------------------------+
      0     100    200    300    400    500    600    700    800    900    1000

                         Concurrent requests per second
  8 +-----------------------------------------------------------------------+
    |                      *                                                |
  7 |*  *   *    *         * *    * *     *       *      *   * ** *         |
    |*  *   *    *         * *    * *     *       *      *   * ** *         |
    |*  *   *    *         * *    * *     *       *      *   * ** *         |
  6 |************* * * ***** ********** **** ** * *   * ***  **** * ** *    |
    |************* * * ***** ********** **** ** * *   * ***  ****** ** *    |
  5 |*******************************************************************    |
    |*******************************************************************    |
  4 |*******************************************************************    |
    |                                                                  *    |
    |                                                                  *    |
  3 |                                                                  *    |
    |                                                                  *    |
  2 |                                                                  *    |
    |                                                                  *    |
    |                                                                  *    |
  1 |                                                                  *    |
    |                                                                  *    |
  0 +-----------------------------------------------------------------------+
    0     100    200     300    400    500    600    700     800    900    1000
============ Serving Benchmark Result ============
Successful requests:                     500
Failed requests:                         0
Maximum request concurrency:             4
Benchmark duration (s):                  934.21
Total input tokens:                      107437
Total generated tokens:                  109697
Request throughput (req/s):              0.54
Output token throughput (tok/s):         117.42
Peak output token throughput (tok/s):    132.00
Peak concurrent requests:                8.00
Total token throughput (tok/s):          232.43
---------------Time to First Token----------------
Mean TTFT (ms):                          206.94
Median TTFT (ms):                        145.94
P99 TTFT (ms):                           489.06
-----Time per Output Token (excl. 1st token)------
Mean TPOT (ms):                          33.01
Median TPOT (ms):                        32.29
P99 TPOT (ms):                           44.39
---------------Inter-token Latency----------------
Mean ITL (ms):                           32.89
Median ITL (ms):                         31.61
P99 ITL (ms):                            56.14
==================================================
