(APIServer pid=3379) INFO:     127.0.0.1:48038 - "GET /metrics HTTP/1.1" 200 OK

                             Output tokens per second
  400 +---------------------------------------------------------------------+
      |             *                  *                                    |
  350 | ***** *****************************************************         |
      |****** **************** ************************************         |
      |****** **************** ******************************* *****        |
  300 |*********** *********** ******************** ********** *****        |
      |*********** ** * *** ** ********** ******* * ********** *****        |
  250 |********  * ** * * * ** ****** * * ** **** * **********  * **        |
      |********  * **   * * ** ****** *   ** ****   *** ******  * ***       |
  200 |   ****   * **        * ****   *   **  ***    *  * ***   * * *       |
      |   ** *   *           * ****   *       * *    *  * ***   *   *       |
      |   ** *               * ** *   *       *            **   *   *       |
  150 |   *                  *  *             *                     **      |
      |                      *  *                                    *      |
  100 |                      *  *                                     *     |
      |                                                               *     |
      |                                                               *     |
   50 |                                                                *    |
      |                                                                *    |
    0 +---------------------------------------------------------------------+
      0        50      100     150      200      250      300     350      400

                         Concurrent requests per second
  25 +----------------------------------------------------------------------+
     |                                                                      |
     |                                                                      |
     |                                                          *           |
  20 |             **       *  ** *    * *    *   *  *     *    *           |
     |**** ********************************************** ******* **        |
     |**************************************************************        |
     | * *    ** ***** * *** *** ************** ******   * **** ****        |
  15 |                                                             *        |
     |                                                             *        |
     |                                                             *        |
  10 |                                                             *        |
     |                                                              *       |
     |                                                              *       |
     |                                                              **      |
   5 |                                                               *      |
     |                                                               *      |
     |                                                                *     |
     |                                                                *     |
   0 +----------------------------------------------------------------------+
     0        50      100      150      200     250      300      350      400
============ Serving Benchmark Result ============
Successful requests:                     500
Failed requests:                         0
Maximum request concurrency:             16
Benchmark duration (s):                  369.55
Total input tokens:                      107437
Total generated tokens:                  109763
Request throughput (req/s):              1.35
Output token throughput (tok/s):         297.02
Peak output token throughput (tok/s):    384.00
Peak concurrent requests:                21.00
Total token throughput (tok/s):          587.75
---------------Time to First Token----------------
Mean TTFT (ms):                          283.09
Median TTFT (ms):                        194.68
P99 TTFT (ms):                           1692.98
-----Time per Output Token (excl. 1st token)------
Mean TPOT (ms):                          51.17
Median TPOT (ms):                        50.30
P99 TPOT (ms):                           76.28
---------------Inter-token Latency----------------
Mean ITL (ms):                           50.63
Median ITL (ms):                         44.33
P99 ITL (ms):                            263.51
==================================================
